 LIBRARY_1.0 {
        global:
            fnv32ResultHex;
            fnv32UpdateString;
            fnv64ResultHex;
            fnv64UpdateCharF;
            fnv64UpdateBufferF;
            fnvInitArith128from64;
            fnvArith128add;
            fnvArith128mul;
            fnvArith128xor8;
            fnvArith128HexOut;
            fnvArith128DecIn;
            fnv128Init;
            fnv128UpdateChar;
            fnv128UpdateBuffer;
            fnv128UpdateString;
            fnv128ResultHex;
            fnv256Init;
            fnv256UpdateChar;
            fnv256UpdateBuffer;
            fnv256UpdateString;
            fnv256ResultHex;
            fnvInit256from64;
            fnvAdd256;
            fnvMul256;
            fnv512Init;
            fnv512UpdateChar;
            fnv512UpdateBuffer;
            fnv512UpdateString;
            fnv512ResultHex;
            fnvInit512from64;
            fnvAdd512;
            fnvMul512;
            fnv1024Init;
            fnv1024UpdateChar;
            fnv1024UpdateBuffer;
            fnv1024UpdateString;
            fnv1024ResultHex;
            fnvInit1024from64;
            fnvAdd1024;
            fnvMul1024;


        local:
            *;
    };
